2026-08-18 16:06:09,977 | Dataset 01 dataset_01_poblacion_territorio_choco_definitivo.csv (31, 20)
2026-08-18 16:06:09,991 | Dataset 02 dataset_02_conectividad_digital_choco_v2.csv (31, 41)
2026-08-18 16:06:10,046 | Dataset 03 dataset_03_conectividad_fisica_choco.csv (30, 15)
2026-08-18 16:06:10,048 | Dataset 05 dataset_05_condiciones_socioeconomicas_choco_final.csv (31, 19)
2026-08-18 16:06:10,690 | Dataset 06 dataset_06_informacion_comunicacion_choco_v1.xlsx (31, 29)
2026-08-18 16:06:10,957 | Dataset 07 dataset_07_emergencias_desastres_choco_final(1).xlsx (217, 21)
2026-08-18 16:06:10,991 | Dataset 08 dataset_08_capacidad_institucional.csv (31, 8)
2026-08-18 16:06:11,063 | Dataset 09 dataset_09_inversion_publica_infraestructura.csv (31, 25)
2026-08-18 16:06:11,070 | Dataset 10 dataset_10_historia_evidencia_cualitativa_choco.csv (7, 23)
2026-08-18 16:06:45,717 | Dataset 01 dataset_01_poblacion_territorio_choco_definitivo.csv (31, 20)
2026-08-18 16:06:45,727 | Dataset 02 dataset_02_conectividad_digital_choco_v2.csv (31, 41)
2026-08-18 16:06:45,727 | Dataset 03 dataset_03_conectividad_fisica_choco.csv (30, 15)
2026-08-18 16:06:45,737 | Dataset 05 dataset_05_condiciones_socioeconomicas_choco_final.csv (31, 19)
2026-08-18 16:06:46,091 | Dataset 06 dataset_06_informacion_comunicacion_choco_v1.xlsx (31, 29)
2026-08-18 16:06:46,357 | Dataset 07 dataset_07_emergencias_desastres_choco_final(1).xlsx (217, 21)
2026-08-18 16:06:46,357 | Dataset 08 dataset_08_capacidad_institucional.csv (31, 8)
2026-08-18 16:06:46,367 | Dataset 09 dataset_09_inversion_publica_infraestructura.csv (31, 25)
2026-08-18 16:06:46,376 | Dataset 10 dataset_10_historia_evidencia_cualitativa_choco.csv (7, 23)
2026-08-18 16:06:48,808 | Etapa 2 terminada: 175 variables, analítico (31, 13)
2026-08-18 16:07:09,458 | Dataset 01 dataset_01_poblacion_territorio_choco_definitivo.csv (31, 20)
2026-08-18 16:07:09,467 | Dataset 02 dataset_02_conectividad_digital_choco_v2.csv (31, 41)
2026-08-18 16:07:09,467 | Dataset 03 dataset_03_conectividad_fisica_choco.csv (30, 15)
2026-08-18 16:07:09,477 | Dataset 05 dataset_05_condiciones_socioeconomicas_choco_final.csv (31, 19)
2026-08-18 16:07:10,087 | Dataset 06 dataset_06_informacion_comunicacion_choco_v1.xlsx (31, 29)
2026-08-18 16:07:10,321 | Dataset 07 dataset_07_emergencias_desastres_choco_final(1).xlsx (217, 21)
2026-08-18 16:07:10,327 | Dataset 08 dataset_08_capacidad_institucional.csv (31, 8)
2026-08-18 16:07:10,327 | Dataset 09 dataset_09_inversion_publica_infraestructura.csv (31, 25)
2026-08-18 16:07:10,337 | Dataset 10 dataset_10_historia_evidencia_cualitativa_choco.csv (7, 23)
2026-08-18 16:07:11,171 | Etapa 2 terminada: 175 variables, analítico (31, 13)
